&&&& RUNNING TensorRT.trtexec [TensorRT v101602] [b10] # /usr/src/tensorrt/bin/trtexec --onnx=model_r101.onnx --saveEngine=./engines/model_r101.plan --stronglyTyped --memPoolSize=workspace:2048 --builderOptimizationLevel=3 --timingCacheFile=./engines/timing.cache --profilingVerbosity=detailed --skipInference
[08/20/2026-12:37:03] [I] === Model Options ===
[08/20/2026-12:37:03] [I] Format: ONNX
[08/20/2026-12:37:03] [I] Model: model_r101.onnx
[08/20/2026-12:37:03] [I] Output:
[08/20/2026-12:37:03] [I] === Build Options ===
[08/20/2026-12:37:03] [I] Memory Pools: workspace: 2048 MiB, dlaSRAM: default, dlaLocalDRAM: default, dlaGlobalDRAM: default, tacticSharedMem: default
[08/20/2026-12:37:03] [I] avgTiming: 8
[08/20/2026-12:37:03] [I] Precision: Strongly Typed
[08/20/2026-12:37:03] [I] LayerPrecisions: 
[08/20/2026-12:37:03] [I] Layer Device Types: 
[08/20/2026-12:37:03] [I] Decomposable Attentions: 
[08/20/2026-12:37:03] [I] Calibration: 
[08/20/2026-12:37:03] [I] Refit: Disabled
[08/20/2026-12:37:03] [I] Strip weights: Disabled
[08/20/2026-12:37:03] [I] Version Compatible: Disabled
[08/20/2026-12:37:03] [I] ONNX Plugin InstanceNorm: Disabled
[08/20/2026-12:37:03] [I] ONNX kENABLE_UINT8_AND_ASYMMETRIC_QUANTIZATION_DLA flag: Disabled
[08/20/2026-12:37:03] [I] ONNX kREPORT_CAPABILITY_DLA flag: Disabled
[08/20/2026-12:37:03] [I] ONNX kADJUST_FOR_DLA flag: Disabled
[08/20/2026-12:37:03] [I] ONNX kENABLE_PLUGIN_OVERRIDE flag: Disabled
[08/20/2026-12:37:03] [I] TensorRT runtime: full
[08/20/2026-12:37:03] [I] Lean DLL Path: 
[08/20/2026-12:37:03] [I] Tempfile Controls: { in_memory: allow, temporary: allow }
[08/20/2026-12:37:03] [I] Exclude Lean Runtime: Disabled
[08/20/2026-12:37:03] [I] Sparsity: Disabled
[08/20/2026-12:37:03] [I] Safe mode: Disabled
[08/20/2026-12:37:03] [I] Build DLA standalone loadable: Disabled
[08/20/2026-12:37:03] [I] Allow GPU fallback for DLA: Disabled
[08/20/2026-12:37:03] [I] DirectIO mode: Disabled
[08/20/2026-12:37:03] [I] Restricted mode: Disabled
[08/20/2026-12:37:03] [I] Skip inference: Enabled
[08/20/2026-12:37:03] [I] Save engine: ./engines/model_r101.plan
[08/20/2026-12:37:03] [I] Load engine: 
[08/20/2026-12:37:03] [I] Profiling verbosity: 2
[08/20/2026-12:37:03] [I] Tactic sources: Using default tactic sources
[08/20/2026-12:37:03] [I] timingCacheMode: global
[08/20/2026-12:37:03] [I] timingCacheFile: ./engines/timing.cache
[08/20/2026-12:37:03] [I] Enable Compilation Cache: Enabled
[08/20/2026-12:37:03] [I] Enable Monitor Memory: Disabled
[08/20/2026-12:37:03] [I] CPU Only Mode: Disabled
[08/20/2026-12:37:03] [I] errorOnTimingCacheMiss: Disabled
[08/20/2026-12:37:03] [I] Preview Features: Use default preview flags.
[08/20/2026-12:37:03] [I] MaxAuxStreams: -1
[08/20/2026-12:37:03] [I] BuilderOptimizationLevel: 3
[08/20/2026-12:37:03] [I] MaxTactics: -1
[08/20/2026-12:37:03] [I] Calibration Profile Index: 0
[08/20/2026-12:37:03] [I] Weight Streaming: Disabled
[08/20/2026-12:37:03] [I] Runtime Platform: Same As Build
[08/20/2026-12:37:03] [I] Debug Tensors: 
[08/20/2026-12:37:03] [I] Distributive Independence: Disabled
[08/20/2026-12:37:03] [I] Mark Unfused Tensors As Debug Tensors: Disabled
[08/20/2026-12:37:03] [I] Input(s)s format: fp32:CHW
[08/20/2026-12:37:03] [I] Output(s)s format: fp32:CHW
[08/20/2026-12:37:03] [I] Input build shapes: model
[08/20/2026-12:37:03] [I] Input calibration shapes: model
[08/20/2026-12:37:03] [I] === System Options ===
[08/20/2026-12:37:03] [I] Device: 0
[08/20/2026-12:37:03] [I] DLACore: 
[08/20/2026-12:37:03] [I] Loaded static plugins:
[08/20/2026-12:37:03] [I] setPluginsToSerialize:
[08/20/2026-12:37:03] [I] dynamicPlugins:
[08/20/2026-12:37:03] [I] ignoreParsedPluginLibs: 0
[08/20/2026-12:37:03] [I] 
[08/20/2026-12:37:03] [I] === Inference Options ===
[08/20/2026-12:37:03] [I] Batch: Explicit
[08/20/2026-12:37:03] [I] Input inference shapes: model
[08/20/2026-12:37:03] [I] Iterations: 10
[08/20/2026-12:37:03] [I] Duration: 3s (+ 200ms warm up)
[08/20/2026-12:37:03] [I] Sleep time: 0ms
[08/20/2026-12:37:03] [I] Idle time: 0ms
[08/20/2026-12:37:03] [I] Inference Streams: 1
[08/20/2026-12:37:03] [I] ExposeDMA: Disabled
[08/20/2026-12:37:03] [I] Data transfers: Enabled
[08/20/2026-12:37:03] [I] Spin-wait: Disabled
[08/20/2026-12:37:03] [I] Multithreading: Disabled
[08/20/2026-12:37:03] [I] CUDA Graph: Disabled
[08/20/2026-12:37:03] [I] Separate profiling: Disabled
[08/20/2026-12:37:03] [I] Time Deserialize: Disabled
[08/20/2026-12:37:03] [I] Time Refit: Disabled
[08/20/2026-12:37:03] [I] NVTX verbosity: 2
[08/20/2026-12:37:03] [I] Persistent Cache Ratio: 0
[08/20/2026-12:37:03] [I] Optimization Profile Index: 0
[08/20/2026-12:37:03] [I] Weight Streaming Budget: 100.000000%
[08/20/2026-12:37:03] [I] Inputs:
[08/20/2026-12:37:03] [I] Debug Tensor Save Destinations:
[08/20/2026-12:37:03] [I] Dump All Debug Tensor in Formats: 
[08/20/2026-12:37:03] [I] === Reporting Options ===
[08/20/2026-12:37:03] [I] Verbose: Disabled
[08/20/2026-12:37:03] [I] Averages: 10 inferences
[08/20/2026-12:37:03] [I] Percentiles: 90,95,99
[08/20/2026-12:37:03] [I] Dump refittable layers:Disabled
[08/20/2026-12:37:03] [I] Dump output: Disabled
[08/20/2026-12:37:03] [I] Profile: Disabled
[08/20/2026-12:37:03] [I] Export timing to JSON file: 
[08/20/2026-12:37:03] [I] Export output to JSON file: 
[08/20/2026-12:37:03] [I] Export profile to JSON file: 
[08/20/2026-12:37:03] [I] 
[08/20/2026-12:37:03] [I] === Device Information ===
[08/20/2026-12:37:03] [I] Available Devices: 
[08/20/2026-12:37:03] [I]   Device 0: "Orin" UUID: GPU-83d248c0-5862-540d-a0bb-2335e2d94404
[08/20/2026-12:37:03] [I] Selected Device: Orin
[08/20/2026-12:37:03] [I] Selected Device ID: 0
[08/20/2026-12:37:03] [I] Selected Device UUID: GPU-83d248c0-5862-540d-a0bb-2335e2d94404
[08/20/2026-12:37:03] [I] Compute Capability: 8.7
[08/20/2026-12:37:03] [I] SMs: 8
[08/20/2026-12:37:03] [I] Device Global Memory: 7546 MiB
[08/20/2026-12:37:03] [I] Shared Memory per SM: 164 KiB
[08/20/2026-12:37:03] [I] Memory Bus Width: 128 bits (ECC disabled)
[08/20/2026-12:37:03] [I] Application Compute Clock Rate: 1.02 GHz
[08/20/2026-12:37:03] [I] Application Memory Clock Rate: 1.02 GHz
[08/20/2026-12:37:03] [I] 
[08/20/2026-12:37:03] [I] Note: The application clock rates do not reflect the actual clock rates that the GPU is currently running at.
[08/20/2026-12:37:03] [I] 
[08/20/2026-12:37:03] [I] TensorRT version: 10.16.2
[08/20/2026-12:37:03] [I] Loading standard plugins
[08/20/2026-12:37:04] [I] [TRT] [MemUsageChange] Init CUDA: CPU +1, GPU +0, now: CPU 24, GPU 3072 (MiB)
[08/20/2026-12:37:04] [I] Start parsing network model.
[08/20/2026-12:37:08] [I] [TRT] ----------------------------------------------------------------
[08/20/2026-12:37:08] [I] [TRT] Input filename:   model_r101.onnx
[08/20/2026-12:37:08] [I] [TRT] ONNX IR version:  0.0.10
[08/20/2026-12:37:08] [I] [TRT] Opset version:    20
[08/20/2026-12:37:08] [I] [TRT] Producer name:    pytorch
[08/20/2026-12:37:08] [I] [TRT] Producer version: 2.12.0+cu132
[08/20/2026-12:37:08] [I] [TRT] Domain:           
[08/20/2026-12:37:08] [I] [TRT] Model version:    0
[08/20/2026-12:37:08] [I] [TRT] Doc string:       
[08/20/2026-12:37:08] [I] [TRT] ----------------------------------------------------------------
[08/20/2026-12:37:08] [I] Finished parsing network model. Parse time: 3.76006
[08/20/2026-12:37:08] [I] [TRT] Loaded 5209034 bytes of cache from file: ./engines/timing.cache
[08/20/2026-12:37:09] [I] [TRT] [MemUsageChange] Init builder kernel library: CPU +198, GPU +185, now: CPU 793, GPU 3712 (MiB)
[08/20/2026-12:37:09] [I] [TRT] Global timing cache in use. Profiling results in this builder pass will be stored.
[08/20/2026-12:38:24] [I] [TRT] Compiler backend is used during engine build.
[08/20/2026-12:40:09] [I] [TRT] Detected 1 inputs and 2 output network tensors.
[08/20/2026-12:40:14] [I] [TRT] Total Host Persistent Memory: 907968 bytes
[08/20/2026-12:40:14] [I] [TRT] Total Device Persistent Memory: 0 bytes
[08/20/2026-12:40:14] [I] [TRT] Max Scratch Memory: 88872448 bytes
[08/20/2026-12:40:14] [I] [TRT] [BlockAssignment] Started assigning block shifts. This will take 193 steps to complete.
[08/20/2026-12:40:14] [I] [TRT] [BlockAssignment] Algorithm ShiftNTopDown took 15.0746ms to assign 7 blocks to 193 nodes requiring 136387072 bytes.
[08/20/2026-12:40:14] [I] [TRT] Total Activation Memory: 136386048 bytes
[08/20/2026-12:40:14] [I] [TRT] Total Weights Memory: 299578688 bytes
[08/20/2026-12:40:14] [I] [TRT] Compiler backend is used during engine execution.
[08/20/2026-12:40:14] [I] [TRT] Engine generation completed in 184.847 seconds.
[08/20/2026-12:40:14] [I] [TRT] [MemUsageStats] Peak memory usage of TRT CPU/GPU memory allocators: CPU 9 MiB, GPU 384 MiB
[08/20/2026-12:40:15] [I] Created engine with size: 288.01 MiB
[08/20/2026-12:40:15] [I] Engine built in 186.568 sec.
[08/20/2026-12:40:15] [I] [TRT] Loaded 5209034 bytes of cache from file: ./engines/timing.cache
[08/20/2026-12:40:15] [I] [TRT] Serialized 6929 bytes of code generator cache.
[08/20/2026-12:40:16] [I] [TRT] Serialized 5881780 bytes of compilation cache.
[08/20/2026-12:40:16] [I] [TRT] Serialized 2012 timing cache entries
[08/20/2026-12:40:16] [I] [TRT] Saved 6098125 bytes of timing cache to ./engines/timing.cache
[08/20/2026-12:40:24] [I] [TRT] Loaded engine size: 288 MiB
[08/20/2026-12:40:24] [I] Engine deserialized in 0.380319 sec.
[08/20/2026-12:40:24] [I] Skipped inference phase since --skipInference is added.
&&&& PASSED TensorRT.trtexec [TensorRT v101602] [b10] # /usr/src/tensorrt/bin/trtexec --onnx=model_r101.onnx --saveEngine=./engines/model_r101.plan --stronglyTyped --memPoolSize=workspace:2048 --builderOptimizationLevel=3 --timingCacheFile=./engines/timing.cache --profilingVerbosity=detailed --skipInference
