&&&& RUNNING TensorRT.trtexec [TensorRT v101602] [b10] # /usr/src/tensorrt/bin/trtexec --onnx=model_r101.fp16.onnx --saveEngine=./engines/model_r101.fp16.plan --stronglyTyped --memPoolSize=workspace:2048 --builderOptimizationLevel=3 --timingCacheFile=./engines/timing.cache --profilingVerbosity=detailed --skipInference
[08/20/2026-12:29:49] [I] === Model Options ===
[08/20/2026-12:29:49] [I] Format: ONNX
[08/20/2026-12:29:49] [I] Model: model_r101.fp16.onnx
[08/20/2026-12:29:49] [I] Output:
[08/20/2026-12:29:49] [I] === Build Options ===
[08/20/2026-12:29:49] [I] Memory Pools: workspace: 2048 MiB, dlaSRAM: default, dlaLocalDRAM: default, dlaGlobalDRAM: default, tacticSharedMem: default
[08/20/2026-12:29:49] [I] avgTiming: 8
[08/20/2026-12:29:49] [I] Precision: Strongly Typed
[08/20/2026-12:29:49] [I] LayerPrecisions: 
[08/20/2026-12:29:49] [I] Layer Device Types: 
[08/20/2026-12:29:49] [I] Decomposable Attentions: 
[08/20/2026-12:29:49] [I] Calibration: 
[08/20/2026-12:29:49] [I] Refit: Disabled
[08/20/2026-12:29:49] [I] Strip weights: Disabled
[08/20/2026-12:29:49] [I] Version Compatible: Disabled
[08/20/2026-12:29:49] [I] ONNX Plugin InstanceNorm: Disabled
[08/20/2026-12:29:49] [I] ONNX kENABLE_UINT8_AND_ASYMMETRIC_QUANTIZATION_DLA flag: Disabled
[08/20/2026-12:29:49] [I] ONNX kREPORT_CAPABILITY_DLA flag: Disabled
[08/20/2026-12:29:49] [I] ONNX kADJUST_FOR_DLA flag: Disabled
[08/20/2026-12:29:49] [I] ONNX kENABLE_PLUGIN_OVERRIDE flag: Disabled
[08/20/2026-12:29:49] [I] TensorRT runtime: full
[08/20/2026-12:29:49] [I] Lean DLL Path: 
[08/20/2026-12:29:49] [I] Tempfile Controls: { in_memory: allow, temporary: allow }
[08/20/2026-12:29:49] [I] Exclude Lean Runtime: Disabled
[08/20/2026-12:29:49] [I] Sparsity: Disabled
[08/20/2026-12:29:49] [I] Safe mode: Disabled
[08/20/2026-12:29:49] [I] Build DLA standalone loadable: Disabled
[08/20/2026-12:29:49] [I] Allow GPU fallback for DLA: Disabled
[08/20/2026-12:29:49] [I] DirectIO mode: Disabled
[08/20/2026-12:29:49] [I] Restricted mode: Disabled
[08/20/2026-12:29:49] [I] Skip inference: Enabled
[08/20/2026-12:29:49] [I] Save engine: ./engines/model_r101.fp16.plan
[08/20/2026-12:29:49] [I] Load engine: 
[08/20/2026-12:29:49] [I] Profiling verbosity: 2
[08/20/2026-12:29:49] [I] Tactic sources: Using default tactic sources
[08/20/2026-12:29:49] [I] timingCacheMode: global
[08/20/2026-12:29:49] [I] timingCacheFile: ./engines/timing.cache
[08/20/2026-12:29:49] [I] Enable Compilation Cache: Enabled
[08/20/2026-12:29:49] [I] Enable Monitor Memory: Disabled
[08/20/2026-12:29:49] [I] CPU Only Mode: Disabled
[08/20/2026-12:29:49] [I] errorOnTimingCacheMiss: Disabled
[08/20/2026-12:29:49] [I] Preview Features: Use default preview flags.
[08/20/2026-12:29:49] [I] MaxAuxStreams: -1
[08/20/2026-12:29:49] [I] BuilderOptimizationLevel: 3
[08/20/2026-12:29:49] [I] MaxTactics: -1
[08/20/2026-12:29:49] [I] Calibration Profile Index: 0
[08/20/2026-12:29:49] [I] Weight Streaming: Disabled
[08/20/2026-12:29:49] [I] Runtime Platform: Same As Build
[08/20/2026-12:29:49] [I] Debug Tensors: 
[08/20/2026-12:29:49] [I] Distributive Independence: Disabled
[08/20/2026-12:29:49] [I] Mark Unfused Tensors As Debug Tensors: Disabled
[08/20/2026-12:29:49] [I] Input(s)s format: fp32:CHW
[08/20/2026-12:29:49] [I] Output(s)s format: fp32:CHW
[08/20/2026-12:29:49] [I] Input build shapes: model
[08/20/2026-12:29:49] [I] Input calibration shapes: model
[08/20/2026-12:29:49] [I] === System Options ===
[08/20/2026-12:29:49] [I] Device: 0
[08/20/2026-12:29:49] [I] DLACore: 
[08/20/2026-12:29:49] [I] Loaded static plugins:
[08/20/2026-12:29:49] [I] setPluginsToSerialize:
[08/20/2026-12:29:49] [I] dynamicPlugins:
[08/20/2026-12:29:49] [I] ignoreParsedPluginLibs: 0
[08/20/2026-12:29:49] [I] 
[08/20/2026-12:29:49] [I] === Inference Options ===
[08/20/2026-12:29:49] [I] Batch: Explicit
[08/20/2026-12:29:49] [I] Input inference shapes: model
[08/20/2026-12:29:49] [I] Iterations: 10
[08/20/2026-12:29:49] [I] Duration: 3s (+ 200ms warm up)
[08/20/2026-12:29:49] [I] Sleep time: 0ms
[08/20/2026-12:29:49] [I] Idle time: 0ms
[08/20/2026-12:29:49] [I] Inference Streams: 1
[08/20/2026-12:29:49] [I] ExposeDMA: Disabled
[08/20/2026-12:29:49] [I] Data transfers: Enabled
[08/20/2026-12:29:49] [I] Spin-wait: Disabled
[08/20/2026-12:29:49] [I] Multithreading: Disabled
[08/20/2026-12:29:49] [I] CUDA Graph: Disabled
[08/20/2026-12:29:49] [I] Separate profiling: Disabled
[08/20/2026-12:29:49] [I] Time Deserialize: Disabled
[08/20/2026-12:29:49] [I] Time Refit: Disabled
[08/20/2026-12:29:49] [I] NVTX verbosity: 2
[08/20/2026-12:29:49] [I] Persistent Cache Ratio: 0
[08/20/2026-12:29:49] [I] Optimization Profile Index: 0
[08/20/2026-12:29:49] [I] Weight Streaming Budget: 100.000000%
[08/20/2026-12:29:49] [I] Inputs:
[08/20/2026-12:29:49] [I] Debug Tensor Save Destinations:
[08/20/2026-12:29:49] [I] Dump All Debug Tensor in Formats: 
[08/20/2026-12:29:49] [I] === Reporting Options ===
[08/20/2026-12:29:49] [I] Verbose: Disabled
[08/20/2026-12:29:49] [I] Averages: 10 inferences
[08/20/2026-12:29:49] [I] Percentiles: 90,95,99
[08/20/2026-12:29:49] [I] Dump refittable layers:Disabled
[08/20/2026-12:29:49] [I] Dump output: Disabled
[08/20/2026-12:29:49] [I] Profile: Disabled
[08/20/2026-12:29:49] [I] Export timing to JSON file: 
[08/20/2026-12:29:49] [I] Export output to JSON file: 
[08/20/2026-12:29:49] [I] Export profile to JSON file: 
[08/20/2026-12:29:49] [I] 
[08/20/2026-12:29:49] [I] === Device Information ===
[08/20/2026-12:29:49] [I] Available Devices: 
[08/20/2026-12:29:49] [I]   Device 0: "Orin" UUID: GPU-83d248c0-5862-540d-a0bb-2335e2d94404
[08/20/2026-12:29:49] [I] Selected Device: Orin
[08/20/2026-12:29:49] [I] Selected Device ID: 0
[08/20/2026-12:29:49] [I] Selected Device UUID: GPU-83d248c0-5862-540d-a0bb-2335e2d94404
[08/20/2026-12:29:49] [I] Compute Capability: 8.7
[08/20/2026-12:29:49] [I] SMs: 8
[08/20/2026-12:29:49] [I] Device Global Memory: 7546 MiB
[08/20/2026-12:29:49] [I] Shared Memory per SM: 164 KiB
[08/20/2026-12:29:49] [I] Memory Bus Width: 128 bits (ECC disabled)
[08/20/2026-12:29:49] [I] Application Compute Clock Rate: 1.02 GHz
[08/20/2026-12:29:49] [I] Application Memory Clock Rate: 1.02 GHz
[08/20/2026-12:29:49] [I] 
[08/20/2026-12:29:49] [I] Note: The application clock rates do not reflect the actual clock rates that the GPU is currently running at.
[08/20/2026-12:29:49] [I] 
[08/20/2026-12:29:49] [I] TensorRT version: 10.16.2
[08/20/2026-12:29:49] [I] Loading standard plugins
[08/20/2026-12:29:51] [I] [TRT] [MemUsageChange] Init CUDA: CPU +1, GPU +0, now: CPU 24, GPU 2372 (MiB)
[08/20/2026-12:29:51] [I] Start parsing network model.
[08/20/2026-12:29:53] [I] [TRT] ----------------------------------------------------------------
[08/20/2026-12:29:53] [I] [TRT] Input filename:   model_r101.fp16.onnx
[08/20/2026-12:29:53] [I] [TRT] ONNX IR version:  0.0.10
[08/20/2026-12:29:53] [I] [TRT] Opset version:    20
[08/20/2026-12:29:53] [I] [TRT] Producer name:    pytorch
[08/20/2026-12:29:53] [I] [TRT] Producer version: 2.12.0+cu132
[08/20/2026-12:29:53] [I] [TRT] Domain:           
[08/20/2026-12:29:53] [I] [TRT] Model version:    0
[08/20/2026-12:29:53] [I] [TRT] Doc string:       
[08/20/2026-12:29:53] [I] [TRT] ----------------------------------------------------------------
[08/20/2026-12:29:53] [I] Finished parsing network model. Parse time: 2.04614
[08/20/2026-12:29:53] [W] [TRT] Could not read cache from: ./engines/timing.cache. A new cache will be generated and written.
[08/20/2026-12:29:56] [I] [TRT] [MemUsageChange] Init builder kernel library: CPU +197, GPU +166, now: CPU 639, GPU 2941 (MiB)
[08/20/2026-12:29:57] [I] [TRT] Global timing cache in use. Profiling results in this builder pass will be stored.
[08/20/2026-12:30:39] [I] [TRT] Compiler backend is used during engine build.
WARNING: in op node_clamp_2_min, operand node_clamp_2_beta payload type requires precision-lose casting
WARNING: in op node_clamp_3_min, operand node_clamp_3_beta payload type requires precision-lose casting
WARNING: in op node_clamp_6_min, operand node_clamp_6_beta payload type requires precision-lose casting
WARNING: in op node_clamp_7_min, operand node_clamp_7_beta payload type requires precision-lose casting
WARNING: in op node_clamp_10_min, operand node_clamp_10_beta payload type requires precision-lose casting
WARNING: in op node_clamp_11_min, operand node_clamp_11_beta payload type requires precision-lose casting
WARNING: in op node_clamp_14_min, operand node_clamp_14_beta payload type requires precision-lose casting
WARNING: in op node_clamp_15_min, operand node_clamp_15_beta payload type requires precision-lose casting
WARNING: in op node_clamp_18_min, operand node_clamp_18_beta payload type requires precision-lose casting
WARNING: in op node_clamp_19_min, operand node_clamp_19_beta payload type requires precision-lose casting
WARNING: in op node_clamp_22_min, operand node_clamp_22_beta payload type requires precision-lose casting
WARNING: in op node_clamp_23_min, operand node_clamp_23_beta payload type requires precision-lose casting
[08/20/2026-12:36:43] [I] [TRT] Detected 1 inputs and 2 output network tensors.
[08/20/2026-12:36:50] [I] [TRT] Total Host Persistent Memory: 836784 bytes
[08/20/2026-12:36:50] [I] [TRT] Total Device Persistent Memory: 38912 bytes
[08/20/2026-12:36:50] [I] [TRT] Max Scratch Memory: 47104000 bytes
[08/20/2026-12:36:50] [I] [TRT] [BlockAssignment] Started assigning block shifts. This will take 156 steps to complete.
[08/20/2026-12:36:50] [I] [TRT] [BlockAssignment] Algorithm ShiftNTopDown took 11.9465ms to assign 7 blocks to 156 nodes requiring 69223424 bytes.
[08/20/2026-12:36:50] [I] [TRT] Total Activation Memory: 69222400 bytes
[08/20/2026-12:36:50] [I] [TRT] Total Weights Memory: 149809696 bytes
[08/20/2026-12:36:50] [I] [TRT] Compiler backend is used during engine execution.
[08/20/2026-12:36:50] [I] [TRT] Engine generation completed in 413.246 seconds.
[08/20/2026-12:36:50] [I] [TRT] [MemUsageStats] Peak memory usage of TRT CPU/GPU memory allocators: CPU 4 MiB, GPU 192 MiB
[08/20/2026-12:36:51] [I] Created engine with size: 145.891 MiB
[08/20/2026-12:36:51] [I] Engine built in 417.43 sec.
[08/20/2026-12:36:51] [W] [TRT] Could not read cache from: ./engines/timing.cache. A new cache will be generated and written.
[08/20/2026-12:36:51] [I] [TRT] Serialized 3561 bytes of code generator cache.
[08/20/2026-12:36:51] [I] [TRT] Serialized 5090697 bytes of compilation cache.
[08/20/2026-12:36:51] [I] [TRT] Serialized 1102 timing cache entries
[08/20/2026-12:36:51] [I] [TRT] Saved 5209034 bytes of timing cache to ./engines/timing.cache
[08/20/2026-12:36:56] [I] [TRT] Loaded engine size: 145 MiB
[08/20/2026-12:36:57] [I] Engine deserialized in 0.651597 sec.
[08/20/2026-12:36:57] [I] Skipped inference phase since --skipInference is added.
&&&& PASSED TensorRT.trtexec [TensorRT v101602] [b10] # /usr/src/tensorrt/bin/trtexec --onnx=model_r101.fp16.onnx --saveEngine=./engines/model_r101.fp16.plan --stronglyTyped --memPoolSize=workspace:2048 --builderOptimizationLevel=3 --timingCacheFile=./engines/timing.cache --profilingVerbosity=detailed --skipInference
